Archive member included because of file (symbol)

c:/winavr-20100110/bin/../lib/gcc/avr/4.3.3/avr5\libgcc.a(_udivmodhi4.o)
                              ./HCSR04/hcrs04.o (__udivmodhi4)
c:/winavr-20100110/bin/../lib/gcc/avr/4.3.3/avr5\libgcc.a(_exit.o)
                              c:/winavr-20100110/bin/../lib/gcc/avr/4.3.3/../../../../avr/lib/avr5/crtm328p.o (exit)
c:/winavr-20100110/bin/../lib/gcc/avr/4.3.3/avr5\libgcc.a(_copy_data.o)
                              ./lib/avr_usart.o (__do_copy_data)
c:/winavr-20100110/bin/../lib/gcc/avr/4.3.3/avr5\libgcc.a(_clear_bss.o)
                              ./HCSR04/hcrs04.o (__do_clear_bss)

Memory Configuration

Name             Origin             Length             Attributes
text             0x00000000         0x00020000         xr
data             0x00800060         0x0000ffa0         rw !x
eeprom           0x00810000         0x00010000         rw !x
fuse             0x00820000         0x00000400         rw !x
lock             0x00830000         0x00000400         rw !x
signature        0x00840000         0x00000400         rw !x
*default*        0x00000000         0xffffffff

Linker script and memory map

Address of section .data set to 0x800100
LOAD c:/winavr-20100110/bin/../lib/gcc/avr/4.3.3/../../../../avr/lib/avr5/crtm328p.o
LOAD ./lib/avr_spi.o
LOAD ./lib/avr_usart.o
LOAD ./display/interrupt_led_display_mux.o
LOAD ./display/lcd.o
LOAD ./display/led_display.o
LOAD ./display/led_display_mux.o
LOAD ./display/led_table.o
LOAD ./display/serial_display.o
LOAD ./HCSR04/hcrs04.o
LOAD ./14-DisplayMuxInterrupt.o
LOAD c:/winavr-20100110/bin/../lib/gcc/avr/4.3.3/avr5\libgcc.a
LOAD c:/winavr-20100110/bin/../lib/gcc/avr/4.3.3/../../../../avr/lib/avr5\libc.a
LOAD c:/winavr-20100110/bin/../lib/gcc/avr/4.3.3/avr5\libgcc.a

.hash
 *(.hash)

.dynsym
 *(.dynsym)

.dynstr
 *(.dynstr)

.gnu.version
 *(.gnu.version)

.gnu.version_d
 *(.gnu.version_d)

.gnu.version_r
 *(.gnu.version_r)

.rel.init
 *(.rel.init)

.rela.init
 *(.rela.init)

.rel.text
 *(.rel.text)
 *(.rel.text.*)
 *(.rel.gnu.linkonce.t*)

.rela.text
 *(.rela.text)
 *(.rela.text.*)
 *(.rela.gnu.linkonce.t*)

.rel.fini
 *(.rel.fini)

.rela.fini
 *(.rela.fini)

.rel.rodata
 *(.rel.rodata)
 *(.rel.rodata.*)
 *(.rel.gnu.linkonce.r*)

.rela.rodata
 *(.rela.rodata)
 *(.rela.rodata.*)
 *(.rela.gnu.linkonce.r*)

.rel.data
 *(.rel.data)
 *(.rel.data.*)
 *(.rel.gnu.linkonce.d*)

.rela.data
 *(.rela.data)
 *(.rela.data.*)
 *(.rela.gnu.linkonce.d*)

.rel.ctors
 *(.rel.ctors)

.rela.ctors
 *(.rela.ctors)

.rel.dtors
 *(.rel.dtors)

.rela.dtors
 *(.rela.dtors)

.rel.got
 *(.rel.got)

.rela.got
 *(.rela.got)

.rel.bss
 *(.rel.bss)

.rela.bss
 *(.rela.bss)

.rel.plt
 *(.rel.plt)

.rela.plt
 *(.rela.plt)

.text           0x00000000      0x552
 *(.vectors)
 .vectors       0x00000000       0x68 c:/winavr-20100110/bin/../lib/gcc/avr/4.3.3/../../../../avr/lib/avr5/crtm328p.o
                0x00000000                __vectors
                0x00000000                __vector_default
 *(.vectors)
 *(.progmem.gcc*)
 *(.progmem*)
 .progmem.data  0x00000068       0x10 ./display/led_display_mux.o
                0x00000068                convTableMux
 .progmem.data  0x00000078       0x10 ./display/led_table.o
                0x00000078                convTable
                0x00000088                . = ALIGN (0x2)
                0x00000088                __trampolines_start = .
 *(.trampolines)
 .trampolines   0x00000088        0x0 linker stubs
 *(.trampolines*)
                0x00000088                __trampolines_end = .
 *(.jumptables)
 *(.jumptables*)
 *(.lowtext)
 *(.lowtext*)
                0x00000088                __ctors_start = .
 *(.ctors)
                0x00000088                __ctors_end = .
                0x00000088                __dtors_start = .
 *(.dtors)
                0x00000088                __dtors_end = .
 SORT(*)(.ctors)
 SORT(*)(.dtors)
 *(.init0)
 .init0         0x00000088        0x0 c:/winavr-20100110/bin/../lib/gcc/avr/4.3.3/../../../../avr/lib/avr5/crtm328p.o
                0x00000088                __init
 *(.init0)
 *(.init1)
 *(.init1)
 *(.init2)
 .init2         0x00000088        0xc c:/winavr-20100110/bin/../lib/gcc/avr/4.3.3/../../../../avr/lib/avr5/crtm328p.o
 *(.init2)
 *(.init3)
 *(.init3)
 *(.init4)
 .init4         0x00000094       0x16 c:/winavr-20100110/bin/../lib/gcc/avr/4.3.3/avr5\libgcc.a(_copy_data.o)
                0x00000094                __do_copy_data
 .init4         0x000000aa       0x10 c:/winavr-20100110/bin/../lib/gcc/avr/4.3.3/avr5\libgcc.a(_clear_bss.o)
                0x000000aa                __do_clear_bss
 *(.init4)
 *(.init5)
 *(.init5)
 *(.init6)
 *(.init6)
 *(.init7)
 *(.init7)
 *(.init8)
 *(.init8)
 *(.init9)
 .init9         0x000000ba        0x8 c:/winavr-20100110/bin/../lib/gcc/avr/4.3.3/../../../../avr/lib/avr5/crtm328p.o
 *(.init9)
 *(.text)
 .text          0x000000c2        0x4 c:/winavr-20100110/bin/../lib/gcc/avr/4.3.3/../../../../avr/lib/avr5/crtm328p.o
                0x000000c2                __vector_22
                0x000000c2                __vector_1
                0x000000c2                __vector_24
                0x000000c2                __vector_12
                0x000000c2                __bad_interrupt
                0x000000c2                __vector_6
                0x000000c2                __vector_3
                0x000000c2                __vector_23
                0x000000c2                __vector_25
                0x000000c2                __vector_13
                0x000000c2                __vector_17
                0x000000c2                __vector_19
                0x000000c2                __vector_7
                0x000000c2                __vector_5
                0x000000c2                __vector_4
                0x000000c2                __vector_9
                0x000000c2                __vector_2
                0x000000c2                __vector_21
                0x000000c2                __vector_15
                0x000000c2                __vector_8
                0x000000c2                __vector_14
                0x000000c2                __vector_18
                0x000000c2                __vector_20
 .text          0x000000c6        0x0 ./lib/avr_spi.o
 .text          0x000000c6        0x0 ./lib/avr_usart.o
 .text          0x000000c6        0x0 ./display/interrupt_led_display_mux.o
 .text          0x000000c6        0x0 ./display/lcd.o
 .text          0x000000c6        0x0 ./display/led_display.o
 .text          0x000000c6        0x0 ./display/led_display_mux.o
 .text          0x000000c6        0x0 ./display/led_table.o
 .text          0x000000c6        0x0 ./display/serial_display.o
 .text          0x000000c6        0x0 ./HCSR04/hcrs04.o
 .text          0x000000c6        0x0 ./14-DisplayMuxInterrupt.o
 .text          0x000000c6        0x0 c:/winavr-20100110/bin/../lib/gcc/avr/4.3.3/avr5\libgcc.a(_udivmodhi4.o)
 .text          0x000000c6        0x0 c:/winavr-20100110/bin/../lib/gcc/avr/4.3.3/avr5\libgcc.a(_exit.o)
 .text          0x000000c6        0x0 c:/winavr-20100110/bin/../lib/gcc/avr/4.3.3/avr5\libgcc.a(_copy_data.o)
 .text          0x000000c6        0x0 c:/winavr-20100110/bin/../lib/gcc/avr/4.3.3/avr5\libgcc.a(_clear_bss.o)
                0x000000c6                . = ALIGN (0x2)
 *(.text.*)
 .text.SPI_MasterInit
                0x000000c6        0xa ./lib/avr_spi.o
                0x000000c6                SPI_MasterInit
 .text.SPI_Transmit
                0x000000d0        0xc ./lib/avr_spi.o
                0x000000d0                SPI_Transmit
 .text.SPI_SlaveReceive
                0x000000dc        0xc ./lib/avr_spi.o
                0x000000dc                SPI_SlaveReceive
 .text.get_usart_stream
                0x000000e8        0x6 ./lib/avr_usart.o
                0x000000e8                get_usart_stream
 .text.USART_Init
                0x000000ee       0x14 ./lib/avr_usart.o
                0x000000ee                USART_Init
 .text.USART_tx
                0x00000102       0x12 ./lib/avr_usart.o
                0x00000102                USART_tx
 .text.USART_rx
                0x00000114        0xe ./lib/avr_usart.o
                0x00000114                USART_rx
 .text.usart_putchar
                0x00000122       0x16 ./lib/avr_usart.o
 .text.display_config
                0x00000138        0x2 ./display/interrupt_led_display_mux.o
                0x00000138                display_config
 .text.inic_stream
                0x0000013a        0x6 ./display/lcd.o
                0x0000013a                inic_stream
 .text.cmd_LCD  0x00000140       0x64 ./display/lcd.o
                0x00000140                cmd_LCD
 .text.inic_LCD_4bits
                0x000001a4       0xc2 ./display/lcd.o
                0x000001a4                inic_LCD_4bits
 .text.escreve_LCD
                0x00000266       0x1c ./display/lcd.o
                0x00000266                escreve_LCD
 .text.escreve_LCD_Flash
                0x00000282       0x1e ./display/lcd.o
                0x00000282                escreve_LCD_Flash
 .text.lcd_putchar
                0x000002a0        0xc ./display/lcd.o
                0x000002a0                lcd_putchar
 .text.display_init
                0x000002ac        0x8 ./display/led_display.o
                0x000002ac                display_init
 .text.display_write
                0x000002b4        0x8 ./display/led_display.o
                0x000002b4                display_write
 .text.display_mux_init
                0x000002bc        0xe ./display/led_display_mux.o
                0x000002bc                display_mux_init
 .text.display_mux_write
                0x000002ca       0x4e ./display/led_display_mux.o
                0x000002ca                display_mux_write
 .text.conv_to_7seg
                0x00000318        0xe ./display/led_table.o
                0x00000318                conv_to_7seg
 .text.serial_display_init
                0x00000326       0x1e ./display/serial_display.o
                0x00000326                serial_display_init
 .text.serial_display_write
                0x00000344       0x66 ./display/serial_display.o
                0x00000344                serial_display_write
 .text.display_write_byte
                0x000003aa       0x18 ./display/serial_display.o
                0x000003aa                display_write_byte
 .text.__vector_10
                0x000003c2       0x72 ./HCSR04/hcrs04.o
                0x000003c2                __vector_10
 .text.hcrs04_config
                0x00000434       0x1a ./HCSR04/hcrs04.o
                0x00000434                hcrs04_config
 .text.hcrs04_read
                0x0000044e       0x26 ./HCSR04/hcrs04.o
                0x0000044e                hcrs04_read
 .text.timer0_hardware_init
                0x00000474       0x20 ./14-DisplayMuxInterrupt.o
                0x00000474                timer0_hardware_init
 .text.__vector_16
                0x00000494       0x24 ./14-DisplayMuxInterrupt.o
                0x00000494                __vector_16
 .text.timer1_hardware_init
                0x000004b8       0x1e ./14-DisplayMuxInterrupt.o
                0x000004b8                timer1_hardware_init
 .text.__vector_11
                0x000004d6       0x24 ./14-DisplayMuxInterrupt.o
                0x000004d6                __vector_11
 .text.main     0x000004fa       0x2c ./14-DisplayMuxInterrupt.o
                0x000004fa                main
 .text.libgcc   0x00000526       0x28 c:/winavr-20100110/bin/../lib/gcc/avr/4.3.3/avr5\libgcc.a(_udivmodhi4.o)
                0x00000526                __udivmodhi4
 .text.libgcc   0x0000054e        0x0 c:/winavr-20100110/bin/../lib/gcc/avr/4.3.3/avr5\libgcc.a(_exit.o)
 .text.libgcc   0x0000054e        0x0 c:/winavr-20100110/bin/../lib/gcc/avr/4.3.3/avr5\libgcc.a(_copy_data.o)
 .text.libgcc   0x0000054e        0x0 c:/winavr-20100110/bin/../lib/gcc/avr/4.3.3/avr5\libgcc.a(_clear_bss.o)
                0x0000054e                . = ALIGN (0x2)
 *(.fini9)
 .fini9         0x0000054e        0x0 c:/winavr-20100110/bin/../lib/gcc/avr/4.3.3/avr5\libgcc.a(_exit.o)
                0x0000054e                exit
                0x0000054e                _exit
 *(.fini9)
 *(.fini8)
 *(.fini8)
 *(.fini7)
 *(.fini7)
 *(.fini6)
 *(.fini6)
 *(.fini5)
 *(.fini5)
 *(.fini4)
 *(.fini4)
 *(.fini3)
 *(.fini3)
 *(.fini2)
 *(.fini2)
 *(.fini1)
 *(.fini1)
 *(.fini0)
 .fini0         0x0000054e        0x4 c:/winavr-20100110/bin/../lib/gcc/avr/4.3.3/avr5\libgcc.a(_exit.o)
 *(.fini0)
                0x00000552                _etext = .

.data           0x00800100       0x1c load address 0x00000552
                0x00800100                PROVIDE (__data_start, .)
 *(.data)
 .data          0x00800100        0x0 c:/winavr-20100110/bin/../lib/gcc/avr/4.3.3/../../../../avr/lib/avr5/crtm328p.o
 .data          0x00800100        0x0 ./lib/avr_spi.o
 .data          0x00800100        0x0 ./lib/avr_usart.o
 .data          0x00800100        0x0 ./display/interrupt_led_display_mux.o
 .data          0x00800100        0x0 ./display/lcd.o
 .data          0x00800100        0x0 ./display/led_display.o
 .data          0x00800100        0x0 ./display/led_display_mux.o
 .data          0x00800100        0x0 ./display/led_table.o
 .data          0x00800100        0x0 ./display/serial_display.o
 .data          0x00800100        0x0 ./HCSR04/hcrs04.o
 .data          0x00800100        0x0 ./14-DisplayMuxInterrupt.o
 .data          0x00800100        0x0 c:/winavr-20100110/bin/../lib/gcc/avr/4.3.3/avr5\libgcc.a(_udivmodhi4.o)
 .data          0x00800100        0x0 c:/winavr-20100110/bin/../lib/gcc/avr/4.3.3/avr5\libgcc.a(_exit.o)
 .data          0x00800100        0x0 c:/winavr-20100110/bin/../lib/gcc/avr/4.3.3/avr5\libgcc.a(_copy_data.o)
 .data          0x00800100        0x0 c:/winavr-20100110/bin/../lib/gcc/avr/4.3.3/avr5\libgcc.a(_clear_bss.o)
 *(.data*)
 .data.usart_str
                0x00800100        0xe ./lib/avr_usart.o
                0x00800100                usart_str
 .data.lcd_str  0x0080010e        0xe ./display/lcd.o
                0x0080010e                lcd_str
 *(.rodata)
 *(.rodata*)
 *(.gnu.linkonce.d*)
                0x0080011c                . = ALIGN (0x2)
                0x0080011c                _edata = .
                0x0080011c                PROVIDE (__data_end, .)

.bss            0x0080011c        0x2
                0x0080011c                PROVIDE (__bss_start, .)
 *(.bss)
 .bss           0x0080011c        0x0 c:/winavr-20100110/bin/../lib/gcc/avr/4.3.3/../../../../avr/lib/avr5/crtm328p.o
 .bss           0x0080011c        0x0 ./lib/avr_spi.o
 .bss           0x0080011c        0x0 ./lib/avr_usart.o
 .bss           0x0080011c        0x0 ./display/interrupt_led_display_mux.o
 .bss           0x0080011c        0x0 ./display/lcd.o
 .bss           0x0080011c        0x0 ./display/led_display.o
 .bss           0x0080011c        0x0 ./display/led_display_mux.o
 .bss           0x0080011c        0x0 ./display/led_table.o
 .bss           0x0080011c        0x0 ./display/serial_display.o
 .bss           0x0080011c        0x0 ./HCSR04/hcrs04.o
 .bss           0x0080011c        0x0 ./14-DisplayMuxInterrupt.o
 .bss           0x0080011c        0x0 c:/winavr-20100110/bin/../lib/gcc/avr/4.3.3/avr5\libgcc.a(_udivmodhi4.o)
 .bss           0x0080011c        0x0 c:/winavr-20100110/bin/../lib/gcc/avr/4.3.3/avr5\libgcc.a(_exit.o)
 .bss           0x0080011c        0x0 c:/winavr-20100110/bin/../lib/gcc/avr/4.3.3/avr5\libgcc.a(_copy_data.o)
 .bss           0x0080011c        0x0 c:/winavr-20100110/bin/../lib/gcc/avr/4.3.3/avr5\libgcc.a(_clear_bss.o)
 *(.bss*)
 .bss.Distance  0x0080011c        0x1 ./HCSR04/hcrs04.o
                0x0080011c                Distance
 .bss.Signal_start
                0x0080011d        0x1 ./HCSR04/hcrs04.o
                0x0080011d                Signal_start
 *(COMMON)
                0x0080011e                PROVIDE (__bss_end, .)
                0x00000552                __data_load_start = LOADADDR (.data)
                0x0000056e                __data_load_end = (__data_load_start + SIZEOF (.data))

.noinit         0x0080011e        0x0
                0x0080011e                PROVIDE (__noinit_start, .)
 *(.noinit*)
                0x0080011e                PROVIDE (__noinit_end, .)
                0x0080011e                _end = .
                0x0080011e                PROVIDE (__heap_start, .)

.eeprom         0x00810000        0x0
 *(.eeprom*)
                0x00810000                __eeprom_end = .

.fuse
 *(.fuse)
 *(.lfuse)
 *(.hfuse)
 *(.efuse)

.lock
 *(.lock*)

.signature
 *(.signature*)

.stab
 *(.stab)

.stabstr
 *(.stabstr)

.stab.excl
 *(.stab.excl)

.stab.exclstr
 *(.stab.exclstr)

.stab.index
 *(.stab.index)

.stab.indexstr
 *(.stab.indexstr)

.comment
 *(.comment)

.debug
 *(.debug)

.line
 *(.line)

.debug_srcinfo
 *(.debug_srcinfo)

.debug_sfnames
 *(.debug_sfnames)

.debug_aranges
 *(.debug_aranges)

.debug_pubnames
 *(.debug_pubnames)

.debug_info
 *(.debug_info)
 *(.gnu.linkonce.wi.*)

.debug_abbrev
 *(.debug_abbrev)

.debug_line
 *(.debug_line)

.debug_frame
 *(.debug_frame)

.debug_str
 *(.debug_str)

.debug_loc
 *(.debug_loc)

.debug_macinfo
 *(.debug_macinfo)
OUTPUT(General.elf elf32-avr)
LOAD linker stubs
