Archive member included because of file (symbol)

c:/winavr-20100110/bin/../lib/gcc/avr/4.3.3/avr5\libgcc.a(_exit.o)
                              c:/winavr-20100110/bin/../lib/gcc/avr/4.3.3/../../../../avr/lib/avr5/crtm328p.o (exit)
c:/winavr-20100110/bin/../lib/gcc/avr/4.3.3/avr5\libgcc.a(_copy_data.o)
                              ./lib/avr_twi_master.o (__do_copy_data)
c:/winavr-20100110/bin/../lib/gcc/avr/4.3.3/avr5\libgcc.a(_clear_bss.o)
                              ./lib/avr_twi_master.o (__do_clear_bss)

Allocating common symbols
Common symbol       size              file

display_info        0x6               ./display/timer_display_mux.o
clockInfo           0x3               ./clock/clock.o

Memory Configuration

Name             Origin             Length             Attributes
text             0x00000000         0x00020000         xr
data             0x00800060         0x0000ffa0         rw !x
eeprom           0x00810000         0x00010000         rw !x
fuse             0x00820000         0x00000400         rw !x
lock             0x00830000         0x00000400         rw !x
signature        0x00840000         0x00000400         rw !x
*default*        0x00000000         0xffffffff

Linker script and memory map

Address of section .data set to 0x800100
LOAD c:/winavr-20100110/bin/../lib/gcc/avr/4.3.3/../../../../avr/lib/avr5/crtm328p.o
LOAD ./lib/avr_spi.o
LOAD ./lib/avr_twi_master.o
LOAD ./lib/avr_usart.o
LOAD ./display/led_table.o
LOAD ./display/timer_display_mux.o
LOAD ./clock/clock.o
LOAD ./main.o
LOAD c:/winavr-20100110/bin/../lib/gcc/avr/4.3.3/avr5\libgcc.a
LOAD c:/winavr-20100110/bin/../lib/gcc/avr/4.3.3/../../../../avr/lib/avr5\libc.a
LOAD c:/winavr-20100110/bin/../lib/gcc/avr/4.3.3/avr5\libgcc.a

.hash
 *(.hash)

.dynsym
 *(.dynsym)

.dynstr
 *(.dynstr)

.gnu.version
 *(.gnu.version)

.gnu.version_d
 *(.gnu.version_d)

.gnu.version_r
 *(.gnu.version_r)

.rel.init
 *(.rel.init)

.rela.init
 *(.rela.init)

.rel.text
 *(.rel.text)
 *(.rel.text.*)
 *(.rel.gnu.linkonce.t*)

.rela.text
 *(.rela.text)
 *(.rela.text.*)
 *(.rela.gnu.linkonce.t*)

.rel.fini
 *(.rel.fini)

.rela.fini
 *(.rela.fini)

.rel.rodata
 *(.rel.rodata)
 *(.rel.rodata.*)
 *(.rel.gnu.linkonce.r*)

.rela.rodata
 *(.rela.rodata)
 *(.rela.rodata.*)
 *(.rela.gnu.linkonce.r*)

.rel.data
 *(.rel.data)
 *(.rel.data.*)
 *(.rel.gnu.linkonce.d*)

.rela.data
 *(.rela.data)
 *(.rela.data.*)
 *(.rela.gnu.linkonce.d*)

.rel.ctors
 *(.rel.ctors)

.rela.ctors
 *(.rela.ctors)

.rel.dtors
 *(.rel.dtors)

.rela.dtors
 *(.rela.dtors)

.rel.got
 *(.rel.got)

.rela.got
 *(.rela.got)

.rel.bss
 *(.rel.bss)

.rela.bss
 *(.rela.bss)

.rel.plt
 *(.rel.plt)

.rela.plt
 *(.rela.plt)

.text           0x00000000      0x4d0
 *(.vectors)
 .vectors       0x00000000       0x68 c:/winavr-20100110/bin/../lib/gcc/avr/4.3.3/../../../../avr/lib/avr5/crtm328p.o
                0x00000000                __vectors
                0x00000000                __vector_default
 *(.vectors)
 *(.progmem.gcc*)
 *(.progmem*)
 .progmem.data  0x00000068       0x10 ./display/led_table.o
                0x00000068                convTable
                0x00000078                . = ALIGN (0x2)
                0x00000078                __trampolines_start = .
 *(.trampolines)
 .trampolines   0x00000078        0x0 linker stubs
 *(.trampolines*)
                0x00000078                __trampolines_end = .
 *(.jumptables)
 *(.jumptables*)
 *(.lowtext)
 *(.lowtext*)
                0x00000078                __ctors_start = .
 *(.ctors)
                0x00000078                __ctors_end = .
                0x00000078                __dtors_start = .
 *(.dtors)
                0x00000078                __dtors_end = .
 SORT(*)(.ctors)
 SORT(*)(.dtors)
 *(.init0)
 .init0         0x00000078        0x0 c:/winavr-20100110/bin/../lib/gcc/avr/4.3.3/../../../../avr/lib/avr5/crtm328p.o
                0x00000078                __init
 *(.init0)
 *(.init1)
 *(.init1)
 *(.init2)
 .init2         0x00000078        0xc c:/winavr-20100110/bin/../lib/gcc/avr/4.3.3/../../../../avr/lib/avr5/crtm328p.o
 *(.init2)
 *(.init3)
 *(.init3)
 *(.init4)
 .init4         0x00000084       0x16 c:/winavr-20100110/bin/../lib/gcc/avr/4.3.3/avr5\libgcc.a(_copy_data.o)
                0x00000084                __do_copy_data
 .init4         0x0000009a       0x10 c:/winavr-20100110/bin/../lib/gcc/avr/4.3.3/avr5\libgcc.a(_clear_bss.o)
                0x0000009a                __do_clear_bss
 *(.init4)
 *(.init5)
 *(.init5)
 *(.init6)
 *(.init6)
 *(.init7)
 *(.init7)
 *(.init8)
 *(.init8)
 *(.init9)
 .init9         0x000000aa        0x8 c:/winavr-20100110/bin/../lib/gcc/avr/4.3.3/../../../../avr/lib/avr5/crtm328p.o
 *(.init9)
 *(.text)
 .text          0x000000b2        0x4 c:/winavr-20100110/bin/../lib/gcc/avr/4.3.3/../../../../avr/lib/avr5/crtm328p.o
                0x000000b2                __vector_22
                0x000000b2                __vector_1
                0x000000b2                __vector_12
                0x000000b2                __bad_interrupt
                0x000000b2                __vector_6
                0x000000b2                __vector_3
                0x000000b2                __vector_23
                0x000000b2                __vector_25
                0x000000b2                __vector_13
                0x000000b2                __vector_17
                0x000000b2                __vector_19
                0x000000b2                __vector_7
                0x000000b2                __vector_5
                0x000000b2                __vector_4
                0x000000b2                __vector_9
                0x000000b2                __vector_2
                0x000000b2                __vector_21
                0x000000b2                __vector_15
                0x000000b2                __vector_8
                0x000000b2                __vector_14
                0x000000b2                __vector_10
                0x000000b2                __vector_18
                0x000000b2                __vector_20
 .text          0x000000b6        0x0 ./lib/avr_spi.o
 .text          0x000000b6        0x0 ./lib/avr_twi_master.o
 .text          0x000000b6        0x0 ./lib/avr_usart.o
 .text          0x000000b6        0x0 ./display/led_table.o
 .text          0x000000b6        0x0 ./display/timer_display_mux.o
 .text          0x000000b6        0x0 ./clock/clock.o
 .text          0x000000b6        0x0 ./main.o
 .text          0x000000b6        0x0 c:/winavr-20100110/bin/../lib/gcc/avr/4.3.3/avr5\libgcc.a(_exit.o)
 .text          0x000000b6        0x0 c:/winavr-20100110/bin/../lib/gcc/avr/4.3.3/avr5\libgcc.a(_copy_data.o)
 .text          0x000000b6        0x0 c:/winavr-20100110/bin/../lib/gcc/avr/4.3.3/avr5\libgcc.a(_clear_bss.o)
                0x000000b6                . = ALIGN (0x2)
 *(.text.*)
 .text.SPI_MasterInit
                0x000000b6        0xa ./lib/avr_spi.o
                0x000000b6                SPI_MasterInit
 .text.SPI_Transmit
                0x000000c0        0xc ./lib/avr_spi.o
                0x000000c0                SPI_Transmit
 .text.SPI_SlaveReceive
                0x000000cc        0xc ./lib/avr_spi.o
                0x000000cc                SPI_SlaveReceive
 .text.TWI_Master_Initialise
                0x000000d8       0x14 ./lib/avr_twi_master.o
                0x000000d8                TWI_Master_Initialise
 .text.TWI_Transceiver_Busy
                0x000000ec        0x8 ./lib/avr_twi_master.o
                0x000000ec                TWI_Transceiver_Busy
 .text.TWI_Get_State_Info
                0x000000f4        0xe ./lib/avr_twi_master.o
                0x000000f4                TWI_Get_State_Info
 .text.TWI_Start_Transceiver_With_Data
                0x00000102       0x44 ./lib/avr_twi_master.o
                0x00000102                TWI_Start_Transceiver_With_Data
 .text.TWI_Start_Transceiver
                0x00000146       0x1a ./lib/avr_twi_master.o
                0x00000146                TWI_Start_Transceiver
 .text.TWI_Get_Data_From_Transceiver
                0x00000160       0x38 ./lib/avr_twi_master.o
                0x00000160                TWI_Get_Data_From_Transceiver
 .text.__vector_24
                0x00000198       0xee ./lib/avr_twi_master.o
                0x00000198                __vector_24
 .text.get_usart_stream
                0x00000286        0x6 ./lib/avr_usart.o
                0x00000286                get_usart_stream
 .text.USART_Init
                0x0000028c       0x14 ./lib/avr_usart.o
                0x0000028c                USART_Init
 .text.USART_tx
                0x000002a0       0x12 ./lib/avr_usart.o
                0x000002a0                USART_tx
 .text.USART_rx
                0x000002b2        0xe ./lib/avr_usart.o
                0x000002b2                USART_rx
 .text.usart_putchar
                0x000002c0       0x16 ./lib/avr_usart.o
 .text.conv_to_7seg
                0x000002d6        0xe ./display/led_table.o
                0x000002d6                conv_to_7seg
 .text.__vector_16
                0x000002e4       0x6c ./display/timer_display_mux.o
                0x000002e4                __vector_16
 .text.timer0_hardware_init
                0x00000350       0x12 ./display/timer_display_mux.o
                0x00000350                timer0_hardware_init
 .text.display_init
                0x00000362       0x1c ./display/timer_display_mux.o
                0x00000362                display_init
 .text.display_write
                0x0000037e        0x2 ./display/timer_display_mux.o
                0x0000037e                display_write
 .text.display_write_hour
                0x00000380       0x20 ./display/timer_display_mux.o
                0x00000380                display_write_hour
 .text.display_write_min
                0x000003a0       0x20 ./display/timer_display_mux.o
                0x000003a0                display_write_min
 .text.display_write_sec
                0x000003c0       0x20 ./display/timer_display_mux.o
                0x000003c0                display_write_sec
 .text.timer1_hardware_init
                0x000003e0       0x1e ./clock/clock.o
                0x000003e0                timer1_hardware_init
 .text.clock_init
                0x000003fe       0x24 ./clock/clock.o
                0x000003fe                clock_init
 .text.clock_function
                0x00000422       0x3a ./clock/clock.o
                0x00000422                clock_function
 .text.__vector_11
                0x0000045c       0x52 ./clock/clock.o
                0x0000045c                __vector_11
 .text.get_second
                0x000004ae        0x6 ./clock/clock.o
                0x000004ae                get_second
 .text.get_minutes
                0x000004b4        0x6 ./clock/clock.o
                0x000004b4                get_minutes
 .text.get_hours
                0x000004ba        0x6 ./clock/clock.o
                0x000004ba                get_hours
 .text.main     0x000004c0        0xc ./main.o
                0x000004c0                main
 .text.libgcc   0x000004cc        0x0 c:/winavr-20100110/bin/../lib/gcc/avr/4.3.3/avr5\libgcc.a(_exit.o)
 .text.libgcc   0x000004cc        0x0 c:/winavr-20100110/bin/../lib/gcc/avr/4.3.3/avr5\libgcc.a(_copy_data.o)
 .text.libgcc   0x000004cc        0x0 c:/winavr-20100110/bin/../lib/gcc/avr/4.3.3/avr5\libgcc.a(_clear_bss.o)
                0x000004cc                . = ALIGN (0x2)
 *(.fini9)
 .fini9         0x000004cc        0x0 c:/winavr-20100110/bin/../lib/gcc/avr/4.3.3/avr5\libgcc.a(_exit.o)
                0x000004cc                exit
                0x000004cc                _exit
 *(.fini9)
 *(.fini8)
 *(.fini8)
 *(.fini7)
 *(.fini7)
 *(.fini6)
 *(.fini6)
 *(.fini5)
 *(.fini5)
 *(.fini4)
 *(.fini4)
 *(.fini3)
 *(.fini3)
 *(.fini2)
 *(.fini2)
 *(.fini1)
 *(.fini1)
 *(.fini0)
 .fini0         0x000004cc        0x4 c:/winavr-20100110/bin/../lib/gcc/avr/4.3.3/avr5\libgcc.a(_exit.o)
 *(.fini0)
                0x000004d0                _etext = .

.data           0x00800100       0x10 load address 0x000004d0
                0x00800100                PROVIDE (__data_start, .)
 *(.data)
 .data          0x00800100        0x0 c:/winavr-20100110/bin/../lib/gcc/avr/4.3.3/../../../../avr/lib/avr5/crtm328p.o
 .data          0x00800100        0x0 ./lib/avr_spi.o
 .data          0x00800100        0x0 ./lib/avr_twi_master.o
 .data          0x00800100        0x0 ./lib/avr_usart.o
 .data          0x00800100        0x0 ./display/led_table.o
 .data          0x00800100        0x0 ./display/timer_display_mux.o
 .data          0x00800100        0x0 ./clock/clock.o
 .data          0x00800100        0x0 ./main.o
 .data          0x00800100        0x0 c:/winavr-20100110/bin/../lib/gcc/avr/4.3.3/avr5\libgcc.a(_exit.o)
 .data          0x00800100        0x0 c:/winavr-20100110/bin/../lib/gcc/avr/4.3.3/avr5\libgcc.a(_copy_data.o)
 .data          0x00800100        0x0 c:/winavr-20100110/bin/../lib/gcc/avr/4.3.3/avr5\libgcc.a(_clear_bss.o)
 *(.data*)
 .data.TWI_state
                0x00800100        0x1 ./lib/avr_twi_master.o
 .data.usart_str
                0x00800101        0xe ./lib/avr_usart.o
                0x00800101                usart_str
 *(.rodata)
 *(.rodata*)
 *(.gnu.linkonce.d*)
                0x00800110                . = ALIGN (0x2)
 *fill*         0x0080010f        0x1 00
                0x00800110                _edata = .
                0x00800110                PROVIDE (__data_end, .)

.bss            0x00800110       0x11
                0x00800110                PROVIDE (__bss_start, .)
 *(.bss)
 .bss           0x00800110        0x0 c:/winavr-20100110/bin/../lib/gcc/avr/4.3.3/../../../../avr/lib/avr5/crtm328p.o
 .bss           0x00800110        0x0 ./lib/avr_spi.o
 .bss           0x00800110        0x0 ./lib/avr_twi_master.o
 .bss           0x00800110        0x0 ./lib/avr_usart.o
 .bss           0x00800110        0x0 ./display/led_table.o
 .bss           0x00800110        0x0 ./display/timer_display_mux.o
 .bss           0x00800110        0x0 ./clock/clock.o
 .bss           0x00800110        0x0 ./main.o
 .bss           0x00800110        0x0 c:/winavr-20100110/bin/../lib/gcc/avr/4.3.3/avr5\libgcc.a(_exit.o)
 .bss           0x00800110        0x0 c:/winavr-20100110/bin/../lib/gcc/avr/4.3.3/avr5\libgcc.a(_copy_data.o)
 .bss           0x00800110        0x0 c:/winavr-20100110/bin/../lib/gcc/avr/4.3.3/avr5\libgcc.a(_clear_bss.o)
 *(.bss*)
 .bss.TWI_statusReg
                0x00800110        0x1 ./lib/avr_twi_master.o
                0x00800110                TWI_statusReg
 .bss.TWI_bufPtr.1311
                0x00800111        0x1 ./lib/avr_twi_master.o
 .bss.TWI_buf   0x00800112        0x4 ./lib/avr_twi_master.o
 .bss.TWI_msgSize
                0x00800116        0x1 ./lib/avr_twi_master.o
 .bss.x.1398    0x00800117        0x1 ./display/timer_display_mux.o
 *(COMMON)
 COMMON         0x00800118        0x6 ./display/timer_display_mux.o
                0x00800118                display_info
 COMMON         0x0080011e        0x3 ./clock/clock.o
                0x0080011e                clockInfo
                0x00800121                PROVIDE (__bss_end, .)
                0x000004d0                __data_load_start = LOADADDR (.data)
                0x000004e0                __data_load_end = (__data_load_start + SIZEOF (.data))

.noinit         0x00800121        0x0
                0x00800121                PROVIDE (__noinit_start, .)
 *(.noinit*)
                0x00800121                PROVIDE (__noinit_end, .)
                0x00800121                _end = .
                0x00800121                PROVIDE (__heap_start, .)

.eeprom         0x00810000        0x0
 *(.eeprom*)
                0x00810000                __eeprom_end = .

.fuse
 *(.fuse)
 *(.lfuse)
 *(.hfuse)
 *(.efuse)

.lock
 *(.lock*)

.signature
 *(.signature*)

.stab
 *(.stab)

.stabstr
 *(.stabstr)

.stab.excl
 *(.stab.excl)

.stab.exclstr
 *(.stab.exclstr)

.stab.index
 *(.stab.index)

.stab.indexstr
 *(.stab.indexstr)

.comment
 *(.comment)

.debug
 *(.debug)

.line
 *(.line)

.debug_srcinfo
 *(.debug_srcinfo)

.debug_sfnames
 *(.debug_sfnames)

.debug_aranges
 *(.debug_aranges)

.debug_pubnames
 *(.debug_pubnames)

.debug_info
 *(.debug_info)
 *(.gnu.linkonce.wi.*)

.debug_abbrev
 *(.debug_abbrev)

.debug_line
 *(.debug_line)

.debug_frame
 *(.debug_frame)

.debug_str
 *(.debug_str)

.debug_loc
 *(.debug_loc)

.debug_macinfo
 *(.debug_macinfo)
OUTPUT(ClockProject.elf elf32-avr)
LOAD linker stubs
